[标定] 金属球 r=150mm @10GHz: PO -11.50 dBsm vs 解析 -11.51 dBsm 偏差 +0.00 dB
[细分] 影刃（C2，翼展开）: 达到轮次上限 → 105268 面
[完成] 影刃（C2，翼展开）
[细分] 锐矛（C1）: 达到轮次上限 → 473961 面
[完成] 锐矛（C1）
[细分] 组合体（SC_A）: 达到轮次上限 → 1731147 面
[完成] 组合体（SC_A）

===== 结果统计（dBsm） =====
影刃（C2，翼展开）     全金属       8GHz: 峰值   17.7@  +0.0° | 均值    0.7 | 鼻向±15°均值    4.5 | 超−21dBsm 占比  87.0%
影刃（C2，翼展开）     全金属      10GHz: 峰值   18.5@  +0.0° | 均值    0.1 | 鼻向±15°均值    3.4 | 超−21dBsm 占比  91.7%
影刃（C2，翼展开）     全金属      12GHz: 峰值   21.5@  +0.0° | 均值   -0.1 | 鼻向±15°均值    5.9 | 超−21dBsm 占比  94.7%
影刃（C2，翼展开）     涂层−10dB   8GHz: 峰值    7.7@  +0.0° | 均值   -9.3 | 鼻向±15°均值   -5.5 | 超−21dBsm 占比  41.0%
影刃（C2，翼展开）     涂层−10dB  10GHz: 峰值    8.5@  +0.0° | 均值   -9.9 | 鼻向±15°均值   -6.6 | 超−21dBsm 占比  50.4%
影刃（C2，翼展开）     涂层−10dB  12GHz: 峰值   11.5@  +0.0° | 均值  -10.1 | 鼻向±15°均值   -4.1 | 超−21dBsm 占比  62.0%
影刃（C2，翼展开）     涂层−15dB   8GHz: 峰值    2.7@  +0.0° | 均值  -14.3 | 鼻向±15°均值  -10.5 | 超−21dBsm 占比  16.1%
影刃（C2，翼展开）     涂层−15dB  10GHz: 峰值    3.5@  +0.0° | 均值  -14.9 | 鼻向±15°均值  -11.6 | 超−21dBsm 占比  19.9%
影刃（C2，翼展开）     涂层−15dB  12GHz: 峰值    6.5@  +0.0° | 均值  -15.1 | 鼻向±15°均值   -9.1 | 超−21dBsm 占比  27.1%
锐矛（C1）         全金属       8GHz: 峰值   46.4@  +0.0° | 均值   22.4 | 鼻向±15°均值   30.1 | 超−21dBsm 占比  92.8%
锐矛（C1）         全金属      10GHz: 峰值   48.1@  +0.0° | 均值   23.3 | 鼻向±15°均值   30.9 | 超−21dBsm 占比  99.2%
锐矛（C1）         全金属      12GHz: 峰值   49.8@  +0.0° | 均值   24.5 | 鼻向±15°均值   32.2 | 超−21dBsm 占比  98.1%
锐矛（C1）         涂层−10dB   8GHz: 峰值   36.4@  +0.0° | 均值   12.4 | 鼻向±15°均值   20.1 | 超−21dBsm 占比  61.2%
锐矛（C1）         涂层−10dB  10GHz: 峰值   38.1@  +0.0° | 均值   13.3 | 鼻向±15°均值   20.9 | 超−21dBsm 占比  83.1%
锐矛（C1）         涂层−10dB  12GHz: 峰值   39.8@  +0.0° | 均值   14.5 | 鼻向±15°均值   22.2 | 超−21dBsm 占比  85.6%
锐矛（C1）         涂层−15dB   8GHz: 峰值   31.4@  +0.0° | 均值    7.4 | 鼻向±15°均值   15.1 | 超−21dBsm 占比  36.6%
锐矛（C1）         涂层−15dB  10GHz: 峰值   33.1@  +0.0° | 均值    8.3 | 鼻向±15°均值   15.9 | 超−21dBsm 占比  58.4%
锐矛（C1）         涂层−15dB  12GHz: 峰值   34.8@  +0.0° | 均值    9.5 | 鼻向±15°均值   17.2 | 超−21dBsm 占比  68.4%
组合体（SC_A）      全金属       8GHz: 峰值   49.1@  +0.0° | 均值   26.1 | 鼻向±15°均值   32.0 | 超−21dBsm 占比 100.0%
组合体（SC_A）      全金属      10GHz: 峰值   53.2@  +0.0° | 均值   28.6 | 鼻向±15°均值   36.0 | 超−21dBsm 占比  99.7%
组合体（SC_A）      全金属      12GHz: 峰值   54.3@  +0.0° | 均值   29.3 | 鼻向±15°均值   36.8 | 超−21dBsm 占比 100.0%
组合体（SC_A）      涂层−10dB   8GHz: 峰值   39.1@  +0.0° | 均值   16.1 | 鼻向±15°均值   22.0 | 超−21dBsm 占比  99.4%
组合体（SC_A）      涂层−10dB  10GHz: 峰值   43.2@  +0.0° | 均值   18.6 | 鼻向±15°均值   26.0 | 超−21dBsm 占比  99.7%
组合体（SC_A）      涂层−10dB  12GHz: 峰值   44.3@  +0.0° | 均值   19.3 | 鼻向±15°均值   26.8 | 超−21dBsm 占比  99.7%
组合体（SC_A）      涂层−15dB   8GHz: 峰值   34.1@  +0.0° | 均值   11.1 | 鼻向±15°均值   17.0 | 超−21dBsm 占比  97.2%
组合体（SC_A）      涂层−15dB  10GHz: 峰值   38.2@  +0.0° | 均值   13.6 | 鼻向±15°均值   21.0 | 超−21dBsm 占比  97.5%
组合体（SC_A）      涂层−15dB  12GHz: 峰值   39.3@  +0.0° | 均值   14.3 | 鼻向±15°均值   21.8 | 超−21dBsm 占比  98.3%

[输出] CSV + 5 张图 → D:\Project_ZGJH\Project_YYX\【开拓杯】清华大学_杨逸希_迅雷协同高超突击系统\model\export\rcs
